/******/ // The require scope
/******/ var __webpack_require__ = {};
/******/ 
/************************************************************************/
/******/ /* webpack/runtime/define property getters */
/******/ (() => {
/******/ 	// define getter functions for harmony exports
/******/ 	__webpack_require__.d = (exports, definition) => {
/******/ 		for(var key in definition) {
/******/ 			if(__webpack_require__.o(definition, key) && !__webpack_require__.o(exports, key)) {
/******/ 				Object.defineProperty(exports, key, { enumerable: true, get: definition[key] });
/******/ 			}
/******/ 		}
/******/ 	};
/******/ })();
/******/ 
/******/ /* webpack/runtime/hasOwnProperty shorthand */
/******/ (() => {
/******/ 	__webpack_require__.o = (obj, prop) => (Object.prototype.hasOwnProperty.call(obj, prop))
/******/ })();
/******/ 
/************************************************************************/
var __webpack_exports__ = {};

// EXPORTS
__webpack_require__.d(__webpack_exports__, {
  C: () => (/* binding */ output)
});

;// CONCATENATED MODULE: ./test/fixture/locale.ftl
/* harmony default export */ const locale = ({ body: [{"id":"hello-user","value":["Hello, ",{"type":"var","name":"userName"},"!"],"attributes":{}},{"id":"shared-photos","value":[{"type":"var","name":"userName"}," ",{"type":"select","selector":{"type":"var","name":"photoCount"},"variants":[{"key":{"type":"str","value":"one"},"value":"added a new photo"},{"key":{"type":"str","value":"other"},"value":["added ",{"type":"var","name":"photoCount"}," new photos"]}],"star":1}," to ",{"type":"select","selector":{"type":"var","name":"userGender"},"variants":[{"key":{"type":"str","value":"male"},"value":"his stream"},{"key":{"type":"str","value":"female"},"value":"her stream"},{"key":{"type":"str","value":"other"},"value":"their stream"}],"star":2},"."],"attributes":{}}] });
;// CONCATENATED MODULE: ./test/fixture/importer.js


const output = locale

var __webpack_exports__output = __webpack_exports__.C;
export { __webpack_exports__output as output };
